// Jest Snapshot v1, https://goo.gl/fbAQLP

exports[`Project Service Test Get projects Should return an array of projects if there is any project 1`] = `
Array [
  Object {
    "beneficiary": Object {
      "firstName": "name",
      "id": 1,
      "lastName": "lastName",
    },
    "cardPhotoPath": "cardPhotoPath",
    "coverPhotoPath": "detail.jpeg",
    "goalAmount": 124123,
    "id": 3,
    "location": "Argentina",
    "milestonePath": "milestonePath",
    "milestones": Array [
      Object {
        "description": "Milestone description",
        "id": 2,
        "projectId": 21,
        "tasks": Array [
          Object {
            "budget": 3500,
            "category": "Task 1 Category",
            "description": "Task 1 Description",
            "id": 1,
            "keyPersonnel": "Task 1 KeyPersonnel",
            "oracle": "0x11111111",
            "reviewCriteria": "Task 1 Review",
          },
          Object {
            "budget": 1000,
            "category": "Task 2 Category",
            "description": "Task 2 Description",
            "id": 2,
            "keyPersonnel": "Task 2 KeyPersonnel",
            "oracle": "0x22222222",
            "reviewCriteria": "Task 2 Review",
          },
          Object {
            "budget": 500,
            "category": "Task 3 Category",
            "description": "Task 3 Description",
            "id": 3,
            "keyPersonnel": "Task 3 KeyPersonnel",
            "oracle": "0x33333333",
            "reviewCriteria": "Task 3 Review",
          },
        ],
      },
    ],
    "mission": "mission",
    "owner": 2,
    "problemAddressed": "the problem",
    "projectName": "validProjectName",
    "proposal": "proposal",
    "status": "toreview",
    "timeframe": "12",
  },
]
`;

exports[`Project Service Test Get projects Should return projects with no present beneficiary 1`] = `
Array [
  Object {
    "cardPhotoPath": "cardPhotoPath",
    "coverPhotoPath": "detail.jpeg",
    "goalAmount": 124123,
    "id": 4,
    "location": "Argentina",
    "mission": "mission",
    "owner": 2,
    "problemAddressed": "the problem",
    "projectName": "validProjectName",
    "proposal": "proposal",
    "status": "consensus",
    "timeframe": "12",
  },
]
`;
